This is XeTeX, Version 3.141592653-2.6-0.999998 (TeX Live 2026) (preloaded format=xelatex)
 restricted \write18 enabled.
entering extended mode
(./main.tex
LaTeX2e <2026-06-01>
L3 programming layer <2026-06-18>
(/home/lz320432893/.TinyTeX/texmf-dist/tex/latex/ctex/ctexrep.cls (/home/lz320432893/.TinyTeX/texmf-dist/tex/latex/ctex/config/ctexbackend.cfg) (/home/lz320432893/.TinyTeX/texmf-dist/tex/latex/l3kernel/expl3.sty (/home/lz320432893/.TinyTeX/texmf-dist/tex/latex/l3backend/l3backend-xetex.def))
Document Class: ctexrep 2022/07/14 v2.5.10 Chinese adapter for class report (CTEX)
(/home/lz320432893/.TinyTeX/texmf-dist/tex/latex/ctex/ctexhook.sty) (/home/lz320432893/.TinyTeX/texmf-dist/tex/latex/ctex/ctexpatch.sty) (/home/lz320432893/.TinyTeX/texmf-dist/tex/latex/base/fix-cm.sty (/home/lz320432893/.TinyTeX/texmf-dist/tex/latex/base/ts1enc.def)) (/home/lz320432893/.TinyTeX/texmf-dist/tex/latex/ctex/config/ctexopts.cfg) (/home/lz320432893/.TinyTeX/texmf-dist/tex/latex/base/report.cls
Document Class: report 2025/01/22 v1.4n Standard LaTeX document class
(/home/lz320432893/.TinyTeX/texmf-dist/tex/latex/base/size12.clo)) (/home/lz320432893/.TinyTeX/texmf-dist/tex/latex/ctex/engine/ctex-engine-xetex.def (/home/lz320432893/.TinyTeX/texmf-dist/tex/xelatex/xecjk/xeCJK.sty (/home/lz320432893/.TinyTeX/texmf-dist/tex/latex/l3packages/xtemplate/xtemplate.sty) (/home/lz320432893/.TinyTeX/texmf-dist/tex/latex/fontspec/fontspec.sty (/home/lz320432893/.TinyTeX/texmf-dist/tex/latex/l3packages/xparse/xparse.sty) (/home/lz320432893/.TinyTeX/texmf-dist/tex/latex/fontspec/fontspec-xetex.sty (/home/lz320432893/.TinyTeX/texmf-dist/tex/latex/base/fontenc.sty) (/home/lz320432893/.TinyTeX/texmf-dist/tex/latex/fontspec/fontspec.cfg))) (/home/lz320432893/.TinyTeX/texmf-dist/tex/xelatex/xecjk/xeCJK.cfg))) (/home/lz320432893/.TinyTeX/texmf-dist/tex/latex/zhnumber/zhnumber.sty (/home/lz320432893/.TinyTeX/texmf-dist/tex/latex/zhnumber/zhnumber-utf8.cfg)) (/home/lz320432893/.TinyTeX/texmf-dist/tex/latex/ctex/scheme/ctex-scheme-chinese-report.def (/home/lz320432893/.TinyTeX/texmf-dist/tex/latex/ctex/config/ctex-name-utf8.cfg)) (/home/lz320432893/.TinyTeX/texmf-dist/tex/latex/ctex/ctex-cs4size.clo)) (/home/lz320432893/.TinyTeX/texmf-dist/tex/latex/ctex/config/ctex.cfg) (/home/lz320432893/.TinyTeX/texmf-dist/tex/latex/geometry/geometry.sty (/home/lz320432893/.TinyTeX/texmf-dist/tex/latex/graphics/keyval.sty) (/home/lz320432893/.TinyTeX/texmf-dist/tex/generic/iftex/ifvtex.sty (/home/lz320432893/.TinyTeX/texmf-dist/tex/generic/iftex/iftex.sty))) (/home/lz320432893/.TinyTeX/texmf-dist/tex/latex/amsmath/amsmath.sty
For additional information on amsmath, use the `?' option.
(/home/lz320432893/.TinyTeX/texmf-dist/tex/latex/amsmath/amstext.sty (/home/lz320432893/.TinyTeX/texmf-dist/tex/latex/amsmath/amsgen.sty)) (/home/lz320432893/.TinyTeX/texmf-dist/tex/latex/amsmath/amsbsy.sty) (/home/lz320432893/.TinyTeX/texmf-dist/tex/latex/amsmath/amsopn.sty)) (/home/lz320432893/.TinyTeX/texmf-dist/tex/latex/amsfonts/amssymb.sty (/home/lz320432893/.TinyTeX/texmf-dist/tex/latex/amsfonts/amsfonts.sty)) (/home/lz320432893/.TinyTeX/texmf-dist/tex/latex/graphics/graphicx.sty (/home/lz320432893/.TinyTeX/texmf-dist/tex/latex/graphics/graphics.sty (/home/lz320432893/.TinyTeX/texmf-dist/tex/latex/graphics/trig.sty) (/home/lz320432893/.TinyTeX/texmf-dist/tex/latex/graphics-cfg/graphics.cfg) (/home/lz320432893/.TinyTeX/texmf-dist/tex/latex/graphics-def/xetex.def))) (/home/lz320432893/.TinyTeX/texmf-dist/tex/latex/booktabs/booktabs.sty) (/home/lz320432893/.TinyTeX/texmf-dist/tex/latex/tools/tabularx.sty (/home/lz320432893/.TinyTeX/texmf-dist/tex/latex/tools/array.sty)) (/home/lz320432893/.TinyTeX/texmf-dist/tex/latex/xcolor/xcolor.sty (/home/lz320432893/.TinyTeX/texmf-dist/tex/latex/graphics-cfg/color.cfg) (/home/lz320432893/.TinyTeX/texmf-dist/tex/latex/graphics/mathcolor.ltx)) (/home/lz320432893/.TinyTeX/texmf-dist/tex/latex/caption/caption.sty (/home/lz320432893/.TinyTeX/texmf-dist/tex/latex/caption/caption3.sty)) (/home/lz320432893/.TinyTeX/texmf-dist/tex/latex/fancyhdr/fancyhdr.sty) (/home/lz320432893/.TinyTeX/texmf-dist/tex/latex/titlesec/titlesec.sty) (/home/lz320432893/.TinyTeX/texmf-dist/tex/latex/pgf/frontendlayer/tikz.sty (/home/lz320432893/.TinyTeX/texmf-dist/tex/latex/pgf/basiclayer/pgf.sty (/home/lz320432893/.TinyTeX/texmf-dist/tex/latex/pgf/utilities/pgfrcs.sty (/home/lz320432893/.TinyTeX/texmf-dist/tex/generic/pgf/utilities/pgfutil-common.tex) (/home/lz320432893/.TinyTeX/texmf-dist/tex/generic/pgf/utilities/pgfutil-latex.def) (/home/lz320432893/.TinyTeX/texmf-dist/tex/generic/pgf/utilities/pgfrcs.code.tex (/home/lz320432893/.TinyTeX/texmf-dist/tex/generic/pgf/pgf.revision.tex))) (/home/lz320432893/.TinyTeX/texmf-dist/tex/latex/pgf/basiclayer/pgfcore.sty (/home/lz320432893/.TinyTeX/texmf-dist/tex/latex/pgf/systemlayer/pgfsys.sty (/home/lz320432893/.TinyTeX/texmf-dist/tex/generic/pgf/systemlayer/pgfsys.code.tex (/home/lz320432893/.TinyTeX/texmf-dist/tex/generic/pgf/utilities/pgfkeys.code.tex (/home/lz320432893/.TinyTeX/texmf-dist/tex/generic/pgf/utilities/pgfkeyslibraryfiltered.code.tex)) (/home/lz320432893/.TinyTeX/texmf-dist/tex/generic/pgf/systemlayer/pgf.cfg) (/home/lz320432893/.TinyTeX/texmf-dist/tex/generic/pgf/systemlayer/pgfsys-xetex.def (/home/lz320432893/.TinyTeX/texmf-dist/tex/generic/pgf/systemlayer/pgfsys-dvipdfmx.def (/home/lz320432893/.TinyTeX/texmf-dist/tex/generic/pgf/systemlayer/pgfsys-common-pdf.def)))) (/home/lz320432893/.TinyTeX/texmf-dist/tex/generic/pgf/systemlayer/pgfsyssoftpath.code.tex) (/home/lz320432893/.TinyTeX/texmf-dist/tex/generic/pgf/systemlayer/pgfsysprotocol.code.tex)) (/home/lz320432893/.TinyTeX/texmf-dist/tex/generic/pgf/basiclayer/pgfcore.code.tex (/home/lz320432893/.TinyTeX/texmf-dist/tex/generic/pgf/math/pgfmath.code.tex (/home/lz320432893/.TinyTeX/texmf-dist/tex/generic/pgf/math/pgfmathutil.code.tex) (/home/lz320432893/.TinyTeX/texmf-dist/tex/generic/pgf/math/pgfmathparser.code.tex) (/home/lz320432893/.TinyTeX/texmf-dist/tex/generic/pgf/math/pgfmathfunctions.code.tex) (/home/lz320432893/.TinyTeX/texmf-dist/tex/generic/pgf/math/pgfmathfunctions.basic.code.tex) (/home/lz320432893/.TinyTeX/texmf-dist/tex/generic/pgf/math/pgfmathfunctions.trigonometric.code.tex) (/home/lz320432893/.TinyTeX/texmf-dist/tex/generic/pgf/math/pgfmathfunctions.random.code.tex) (/home/lz320432893/.TinyTeX/texmf-dist/tex/generic/pgf/math/pgfmathfunctions.comparison.code.tex) (/home/lz320432893/.TinyTeX/texmf-dist/tex/generic/pgf/math/pgfmathfunctions.base.code.tex) (/home/lz320432893/.TinyTeX/texmf-dist/tex/generic/pgf/math/pgfmathfunctions.round.code.tex) (/home/lz320432893/.TinyTeX/texmf-dist/tex/generic/pgf/math/pgfmathfunctions.misc.code.tex) (/home/lz320432893/.TinyTeX/texmf-dist/tex/generic/pgf/math/pgfmathfunctions.integerarithmetics.code.tex) (/home/lz320432893/.TinyTeX/texmf-dist/tex/generic/pgf/math/pgfmathcalc.code.tex) (/home/lz320432893/.TinyTeX/texmf-dist/tex/generic/pgf/math/pgfmathfloat.code.tex)) (/home/lz320432893/.TinyTeX/texmf-dist/tex/generic/pgf/math/pgfint.code.tex) (/home/lz320432893/.TinyTeX/texmf-dist/tex/generic/pgf/basiclayer/pgfcorepoints.code.tex) (/home/lz320432893/.TinyTeX/texmf-dist/tex/generic/pgf/basiclayer/pgfcorepathconstruct.code.tex) (/home/lz320432893/.TinyTeX/texmf-dist/tex/generic/pgf/basiclayer/pgfcorepathusage.code.tex) (/home/lz320432893/.TinyTeX/texmf-dist/tex/generic/pgf/basiclayer/pgfcorescopes.code.tex) (/home/lz320432893/.TinyTeX/texmf-dist/tex/generic/pgf/basiclayer/pgfcoregraphicstate.code.tex) (/home/lz320432893/.TinyTeX/texmf-dist/tex/generic/pgf/basiclayer/pgfcoretransformations.code.tex) (/home/lz320432893/.TinyTeX/texmf-dist/tex/generic/pgf/basiclayer/pgfcorequick.code.tex) (/home/lz320432893/.TinyTeX/texmf-dist/tex/generic/pgf/basiclayer/pgfcoreobjects.code.tex) (/home/lz320432893/.TinyTeX/texmf-dist/tex/generic/pgf/basiclayer/pgfcorepathprocessing.code.tex) (/home/lz320432893/.TinyTeX/texmf-dist/tex/generic/pgf/basiclayer/pgfcorearrows.code.tex) (/home/lz320432893/.TinyTeX/texmf-dist/tex/generic/pgf/basiclayer/pgfcoreshade.code.tex) (/home/lz320432893/.TinyTeX/texmf-dist/tex/generic/pgf/basiclayer/pgfcoreimage.code.tex) (/home/lz320432893/.TinyTeX/texmf-dist/tex/generic/pgf/basiclayer/pgfcoreexternal.code.tex) (/home/lz320432893/.TinyTeX/texmf-dist/tex/generic/pgf/basiclayer/pgfcorelayers.code.tex) (/home/lz320432893/.TinyTeX/texmf-dist/tex/generic/pgf/basiclayer/pgfcoretransparency.code.tex) (/home/lz320432893/.TinyTeX/texmf-dist/tex/generic/pgf/basiclayer/pgfcorepatterns.code.tex) (/home/lz320432893/.TinyTeX/texmf-dist/tex/generic/pgf/basiclayer/pgfcorerdf.code.tex))) (/home/lz320432893/.TinyTeX/texmf-dist/tex/generic/pgf/modules/pgfmoduleshapes.code.tex) (/home/lz320432893/.TinyTeX/texmf-dist/tex/generic/pgf/modules/pgfmoduleplot.code.tex) (/home/lz320432893/.TinyTeX/texmf-dist/tex/latex/pgf/compatibility/pgfcomp-version-0-65.sty) (/home/lz320432893/.TinyTeX/texmf-dist/tex/latex/pgf/compatibility/pgfcomp-version-1-18.sty)) (/home/lz320432893/.TinyTeX/texmf-dist/tex/latex/pgf/utilities/pgffor.sty (/home/lz320432893/.TinyTeX/texmf-dist/tex/latex/pgf/utilities/pgfkeys.sty (/home/lz320432893/.TinyTeX/texmf-dist/tex/generic/pgf/utilities/pgfkeys.code.tex)) (/home/lz320432893/.TinyTeX/texmf-dist/tex/latex/pgf/math/pgfmath.sty (/home/lz320432893/.TinyTeX/texmf-dist/tex/generic/pgf/math/pgfmath.code.tex)) (/home/lz320432893/.TinyTeX/texmf-dist/tex/generic/pgf/utilities/pgffor.code.tex)) (/home/lz320432893/.TinyTeX/texmf-dist/tex/generic/pgf/frontendlayer/tikz/tikz.code.tex (/home/lz320432893/.TinyTeX/texmf-dist/tex/generic/pgf/libraries/pgflibraryplothandlers.code.tex) (/home/lz320432893/.TinyTeX/texmf-dist/tex/generic/pgf/modules/pgfmodulematrix.code.tex) (/home/lz320432893/.TinyTeX/texmf-dist/tex/generic/pgf/frontendlayer/tikz/libraries/tikzlibrarytopaths.code.tex))) (/home/lz320432893/.TinyTeX/texmf-dist/tex/generic/pgf/libraries/pgflibraryarrows.meta.code.tex) (/home/lz320432893/.TinyTeX/texmf-dist/tex/generic/pgf/frontendlayer/tikz/libraries/tikzlibrarypositioning.code.tex) (/home/lz320432893/.TinyTeX/texmf-dist/tex/latex/float/float.sty) (./main.aux)
*geometry* driver: auto-detecting
*geometry* detected driver: xetex
(/home/lz320432893/.TinyTeX/texmf-dist/tex/latex/amsfonts/umsa.fd) (/home/lz320432893/.TinyTeX/texmf-dist/tex/latex/amsfonts/umsb.fd) [1] (./main.toc) [1]
第一章

Overfull \hbox (1.0pt too wide) in paragraph at lines 123--124
 [][]
[2] [3]
第二章
[4] [5]
第三章
[6]
Overfull \hbox (1.0pt too wide) in paragraph at lines 249--250
 [][]
[7] [8]
第四章
[9]
第五章
[10]
第六章
[11]
第七章
[12]
第八章
[13]
第九章
[14]
第十章
[15]
第十一章
[16]
第十二章
[17]
第十三章
[18]
附录 A
[19]
附录 B
[20]
附录 C
[21] (./main.aux)

LaTeX Warning: Label(s) may have changed. Rerun to get cross-references right.

 )
(see the transcript file for additional information)
Output written on main.pdf (22 pages).
Transcript written on main.log.
